mode: atomic
github.com/cocoonstack/cocoon-macos/cmd/root.go:21.16,24.38 3 0
github.com/cocoonstack/cocoon-macos/cmd/root.go:24.38,26.3 1 0
github.com/cocoonstack/cocoon-macos/cmd/root.go:29.2,29.33 1 0
github.com/cocoonstack/cocoon-macos/cmd/root.go:29.33,32.3 2 0
github.com/cocoonstack/cocoon-macos/cmd/root.go:36.37,53.2 8 0
github.com/cocoonstack/cocoon-macos/cmd/root.go:58.42,62.15 4 0
github.com/cocoonstack/cocoon-macos/cmd/root.go:62.15,62.41 1 0
github.com/cocoonstack/cocoon-macos/cmd/root.go:63.2,63.68 1 0
github.com/cocoonstack/cocoon-macos/main.go:5.13,7.2 1 0
github.com/cocoonstack/cocoon-macos/version/version.go:16.22,21.2 1 0
github.com/cocoonstack/cocoon-macos/home/home.go:22.37,25.2 2 0
github.com/cocoonstack/cocoon-macos/home/home.go:28.45,30.2 1 0
github.com/cocoonstack/cocoon-macos/home/home.go:33.40,35.2 1 0
github.com/cocoonstack/cocoon-macos/home/home.go:38.52,40.2 1 0
github.com/cocoonstack/cocoon-macos/home/home.go:44.81,47.16 3 0
github.com/cocoonstack/cocoon-macos/home/home.go:47.16,49.3 1 0
github.com/cocoonstack/cocoon-macos/home/home.go:50.2,50.20 1 0
github.com/cocoonstack/cocoon-macos/cmd/image/commands.go:18.40,36.2 9 0
github.com/cocoonstack/cocoon-macos/cmd/image/handler.go:26.28,26.49 1 1
github.com/cocoonstack/cocoon-macos/cmd/image/handler.go:28.65,30.16 2 0
github.com/cocoonstack/cocoon-macos/cmd/image/handler.go:30.16,32.3 1 0
github.com/cocoonstack/cocoon-macos/cmd/image/handler.go:33.2,35.24 3 0
github.com/cocoonstack/cocoon-macos/cmd/image/handler.go:35.24,37.3 1 0
github.com/cocoonstack/cocoon-macos/cmd/image/handler.go:38.2,40.12 2 0
github.com/cocoonstack/cocoon-macos/cmd/image/handler.go:40.12,41.66 1 0
github.com/cocoonstack/cocoon-macos/cmd/image/handler.go:41.66,44.4 2 0
github.com/cocoonstack/cocoon-macos/cmd/image/handler.go:48.2,50.16 3 0
github.com/cocoonstack/cocoon-macos/cmd/image/handler.go:50.16,52.3 1 0
github.com/cocoonstack/cocoon-macos/cmd/image/handler.go:53.2,55.15 3 0
github.com/cocoonstack/cocoon-macos/cmd/image/handler.go:55.15,55.41 1 0
github.com/cocoonstack/cocoon-macos/cmd/image/handler.go:57.2,58.44 2 0
github.com/cocoonstack/cocoon-macos/cmd/image/handler.go:58.44,59.57 1 0
github.com/cocoonstack/cocoon-macos/cmd/image/handler.go:59.57,61.4 1 0
github.com/cocoonstack/cocoon-macos/cmd/image/handler.go:62.3,63.18 2 0
github.com/cocoonstack/cocoon-macos/cmd/image/handler.go:63.18,64.11 1 0
github.com/cocoonstack/cocoon-macos/cmd/image/handler.go:65.22,66.21 1 0
github.com/cocoonstack/cocoon-macos/cmd/image/handler.go:67.65,67.65 0 0
github.com/cocoonstack/cocoon-macos/cmd/image/handler.go:71.2,71.62 1 0
github.com/cocoonstack/cocoon-macos/cmd/image/handler.go:74.62,76.16 2 1
github.com/cocoonstack/cocoon-macos/cmd/image/handler.go:76.16,78.3 1 0
github.com/cocoonstack/cocoon-macos/cmd/image/handler.go:79.2,80.16 2 1
github.com/cocoonstack/cocoon-macos/cmd/image/handler.go:80.16,82.3 1 0
github.com/cocoonstack/cocoon-macos/cmd/image/handler.go:83.2,83.70 1 1
github.com/cocoonstack/cocoon-macos/cmd/image/handler.go:83.70,85.28 2 1
github.com/cocoonstack/cocoon-macos/cmd/image/handler.go:85.28,89.4 1 0
github.com/cocoonstack/cocoon-macos/cmd/image/handler.go:93.68,95.16 2 0
github.com/cocoonstack/cocoon-macos/cmd/image/handler.go:95.16,97.3 1 0
github.com/cocoonstack/cocoon-macos/cmd/image/handler.go:98.2,99.16 2 0
github.com/cocoonstack/cocoon-macos/cmd/image/handler.go:99.16,101.3 1 0
github.com/cocoonstack/cocoon-macos/cmd/image/handler.go:102.2,102.16 1 0
github.com/cocoonstack/cocoon-macos/cmd/image/handler.go:102.16,104.3 1 0
github.com/cocoonstack/cocoon-macos/cmd/image/handler.go:105.2,105.32 1 0
github.com/cocoonstack/cocoon-macos/cmd/image/handler.go:108.63,110.16 2 0
github.com/cocoonstack/cocoon-macos/cmd/image/handler.go:110.16,112.3 1 0
github.com/cocoonstack/cocoon-macos/cmd/image/handler.go:113.2,114.16 2 0
github.com/cocoonstack/cocoon-macos/cmd/image/handler.go:114.16,116.3 1 0
github.com/cocoonstack/cocoon-macos/cmd/image/handler.go:117.2,117.28 1 0
github.com/cocoonstack/cocoon-macos/cmd/image/handler.go:117.28,119.3 1 0
github.com/cocoonstack/cocoon-macos/cmd/image/handler.go:120.2,120.12 1 0
github.com/cocoonstack/cocoon-macos/cmd/image/handler.go:123.36,125.22 2 0
github.com/cocoonstack/cocoon-macos/cmd/image/handler.go:125.22,127.3 1 0
github.com/cocoonstack/cocoon-macos/cmd/image/handler.go:128.2,128.11 1 0
github.com/cocoonstack/cocoon-macos/cmd/image/oci.go:33.63,35.16 2 0
github.com/cocoonstack/cocoon-macos/cmd/image/oci.go:35.16,37.3 1 0
github.com/cocoonstack/cocoon-macos/cmd/image/oci.go:38.2,42.16 4 0
github.com/cocoonstack/cocoon-macos/cmd/image/oci.go:42.16,44.3 1 0
github.com/cocoonstack/cocoon-macos/cmd/image/oci.go:45.2,48.16 3 0
github.com/cocoonstack/cocoon-macos/cmd/image/oci.go:48.16,50.3 1 0
github.com/cocoonstack/cocoon-macos/cmd/image/oci.go:51.2,51.15 1 0
github.com/cocoonstack/cocoon-macos/cmd/image/oci.go:51.15,51.32 1 0
github.com/cocoonstack/cocoon-macos/cmd/image/oci.go:53.2,53.62 1 0
github.com/cocoonstack/cocoon-macos/cmd/image/oci.go:53.62,54.57 1 0
github.com/cocoonstack/cocoon-macos/cmd/image/oci.go:54.57,56.4 1 0
github.com/cocoonstack/cocoon-macos/cmd/image/oci.go:57.8,58.47 1 0
github.com/cocoonstack/cocoon-macos/cmd/image/oci.go:58.47,60.4 1 0
github.com/cocoonstack/cocoon-macos/cmd/image/oci.go:61.3,61.75 1 0
github.com/cocoonstack/cocoon-macos/cmd/image/oci.go:61.75,63.4 1 0
github.com/cocoonstack/cocoon-macos/cmd/image/oci.go:65.2,65.50 1 0
github.com/cocoonstack/cocoon-macos/cmd/image/oci.go:69.110,71.16 2 0
github.com/cocoonstack/cocoon-macos/cmd/image/oci.go:71.16,73.3 1 0
github.com/cocoonstack/cocoon-macos/cmd/image/oci.go:74.2,75.16 2 0
github.com/cocoonstack/cocoon-macos/cmd/image/oci.go:75.16,77.3 1 0
github.com/cocoonstack/cocoon-macos/cmd/image/oci.go:78.2,79.54 2 0
github.com/cocoonstack/cocoon-macos/cmd/image/oci.go:79.54,81.3 1 0
github.com/cocoonstack/cocoon-macos/cmd/image/oci.go:82.2,83.16 2 0
github.com/cocoonstack/cocoon-macos/cmd/image/oci.go:83.16,85.3 1 0
github.com/cocoonstack/cocoon-macos/cmd/image/oci.go:86.2,86.19 1 0
github.com/cocoonstack/cocoon-macos/cmd/image/oci.go:91.80,93.16 2 0
github.com/cocoonstack/cocoon-macos/cmd/image/oci.go:93.16,95.3 1 0
github.com/cocoonstack/cocoon-macos/cmd/image/oci.go:96.2,98.16 3 0
github.com/cocoonstack/cocoon-macos/cmd/image/oci.go:98.16,100.3 1 0
github.com/cocoonstack/cocoon-macos/cmd/image/oci.go:101.2,102.53 2 0
github.com/cocoonstack/cocoon-macos/cmd/image/oci.go:106.104,108.55 2 0
github.com/cocoonstack/cocoon-macos/cmd/image/oci.go:108.55,110.21 2 0
github.com/cocoonstack/cocoon-macos/cmd/image/oci.go:110.21,110.76 1 0
github.com/cocoonstack/cocoon-macos/cmd/image/oci.go:112.2,112.17 1 0
github.com/cocoonstack/cocoon-macos/cmd/image/oci.go:115.107,117.16 2 0
github.com/cocoonstack/cocoon-macos/cmd/image/oci.go:117.16,119.3 1 0
github.com/cocoonstack/cocoon-macos/cmd/image/oci.go:120.2,122.16 3 0
github.com/cocoonstack/cocoon-macos/cmd/image/oci.go:122.16,124.3 1 0
github.com/cocoonstack/cocoon-macos/cmd/image/oci.go:125.2,125.15 1 0
github.com/cocoonstack/cocoon-macos/cmd/image/oci.go:125.15,125.40 1 0
github.com/cocoonstack/cocoon-macos/cmd/image/oci.go:126.2,126.76 1 0
github.com/cocoonstack/cocoon-macos/cmd/image/oci.go:130.108,132.16 2 0
github.com/cocoonstack/cocoon-macos/cmd/image/oci.go:132.16,134.3 1 0
github.com/cocoonstack/cocoon-macos/cmd/image/oci.go:135.2,135.15 1 0
github.com/cocoonstack/cocoon-macos/cmd/image/oci.go:135.15,135.33 1 0
github.com/cocoonstack/cocoon-macos/cmd/image/oci.go:136.2,137.12 2 0
github.com/cocoonstack/cocoon-macos/cmd/image/oci.go:141.44,143.16 2 0
github.com/cocoonstack/cocoon-macos/cmd/image/oci.go:143.16,145.3 1 0
github.com/cocoonstack/cocoon-macos/cmd/image/oci.go:146.2,146.15 1 0
github.com/cocoonstack/cocoon-macos/cmd/image/oci.go:146.15,146.32 1 0
github.com/cocoonstack/cocoon-macos/cmd/image/oci.go:147.2,148.40 2 0
github.com/cocoonstack/cocoon-macos/cmd/image/oci.go:148.40,150.3 1 0
github.com/cocoonstack/cocoon-macos/cmd/image/oci.go:151.2,152.17 2 0
github.com/cocoonstack/cocoon-macos/cmd/image/oci.go:152.17,154.3 1 0
github.com/cocoonstack/cocoon-macos/cmd/image/oci.go:155.2,155.12 1 0
github.com/cocoonstack/cocoon-macos/cmd/image/oci.go:161.45,163.16 2 0
github.com/cocoonstack/cocoon-macos/cmd/image/oci.go:163.16,165.3 1 0
github.com/cocoonstack/cocoon-macos/cmd/image/oci.go:166.2,166.38 1 0
github.com/cocoonstack/cocoon-macos/cmd/image/oci.go:171.78,172.22 1 5
github.com/cocoonstack/cocoon-macos/cmd/image/oci.go:172.22,174.3 1 1
github.com/cocoonstack/cocoon-macos/cmd/image/oci.go:175.2,175.27 1 4
github.com/cocoonstack/cocoon-macos/cmd/image/oci.go:175.27,176.74 1 7
github.com/cocoonstack/cocoon-macos/cmd/image/oci.go:176.74,178.4 1 2
github.com/cocoonstack/cocoon-macos/cmd/image/oci.go:180.2,180.66 1 2
github.com/cocoonstack/cocoon-macos/cmd/image/oci.go:180.66,180.104 1 2
github.com/cocoonstack/cocoon-macos/cmd/vm/clone.go:20.66,23.16 3 0
github.com/cocoonstack/cocoon-macos/cmd/vm/clone.go:23.16,25.3 1 0
github.com/cocoonstack/cocoon-macos/cmd/vm/clone.go:26.2,27.16 2 0
github.com/cocoonstack/cocoon-macos/cmd/vm/clone.go:27.16,29.3 1 0
github.com/cocoonstack/cocoon-macos/cmd/vm/clone.go:30.2,33.78 4 0
github.com/cocoonstack/cocoon-macos/cmd/vm/clone.go:33.78,35.3 1 0
github.com/cocoonstack/cocoon-macos/cmd/vm/clone.go:38.2,39.37 2 0
github.com/cocoonstack/cocoon-macos/cmd/vm/clone.go:39.37,41.3 1 0
github.com/cocoonstack/cocoon-macos/cmd/vm/clone.go:42.2,44.16 3 0
github.com/cocoonstack/cocoon-macos/cmd/vm/clone.go:44.16,46.3 1 0
github.com/cocoonstack/cocoon-macos/cmd/vm/clone.go:47.2,48.16 2 0
github.com/cocoonstack/cocoon-macos/cmd/vm/clone.go:48.16,50.3 1 0
github.com/cocoonstack/cocoon-macos/cmd/vm/clone.go:51.2,53.16 3 0
github.com/cocoonstack/cocoon-macos/cmd/vm/clone.go:53.16,55.3 1 0
github.com/cocoonstack/cocoon-macos/cmd/vm/clone.go:56.2,57.16 2 0
github.com/cocoonstack/cocoon-macos/cmd/vm/clone.go:57.16,59.3 1 0
github.com/cocoonstack/cocoon-macos/cmd/vm/clone.go:60.2,66.33 2 0
github.com/cocoonstack/cocoon-macos/cmd/vm/clone.go:66.33,68.3 1 0
github.com/cocoonstack/cocoon-macos/cmd/vm/clone.go:69.2,69.35 1 0
github.com/cocoonstack/cocoon-macos/cmd/vm/clone.go:69.35,71.3 1 0
github.com/cocoonstack/cocoon-macos/cmd/vm/clone.go:72.2,73.38 2 0
github.com/cocoonstack/cocoon-macos/cmd/vm/clone.go:73.38,75.3 1 0
github.com/cocoonstack/cocoon-macos/cmd/vm/clone.go:76.2,84.16 7 0
github.com/cocoonstack/cocoon-macos/cmd/vm/clone.go:84.16,86.3 1 0
github.com/cocoonstack/cocoon-macos/cmd/vm/clone.go:87.2,87.75 1 0
github.com/cocoonstack/cocoon-macos/cmd/vm/clone.go:87.75,89.3 1 0
github.com/cocoonstack/cocoon-macos/cmd/vm/clone.go:90.2,90.20 1 0
github.com/cocoonstack/cocoon-macos/cmd/vm/clone.go:90.20,92.3 1 0
github.com/cocoonstack/cocoon-macos/cmd/vm/clone.go:93.2,96.40 4 0
github.com/cocoonstack/cocoon-macos/cmd/vm/clone.go:96.40,98.3 1 0
github.com/cocoonstack/cocoon-macos/cmd/vm/clone.go:99.2,99.40 1 0
github.com/cocoonstack/cocoon-macos/cmd/vm/clone.go:99.40,101.3 1 0
github.com/cocoonstack/cocoon-macos/cmd/vm/clone.go:102.2,103.12 2 0
github.com/cocoonstack/cocoon-macos/cmd/vm/clone.go:109.73,110.9 1 2
github.com/cocoonstack/cocoon-macos/cmd/vm/clone.go:111.30,112.31 1 1
github.com/cocoonstack/cocoon-macos/cmd/vm/clone.go:113.25,114.27 1 1
github.com/cocoonstack/cocoon-macos/cmd/vm/clone.go:115.10,117.17 2 0
github.com/cocoonstack/cocoon-macos/cmd/vm/commands.go:27.40,122.2 26 0
github.com/cocoonstack/cocoon-macos/cmd/vm/commands.go:124.37,142.2 17 0
github.com/cocoonstack/cocoon-macos/cmd/vm/datadisk.go:30.75,32.29 2 22
github.com/cocoonstack/cocoon-macos/cmd/vm/datadisk.go:32.29,34.3 1 5
github.com/cocoonstack/cocoon-macos/cmd/vm/datadisk.go:35.2,36.24 2 22
github.com/cocoonstack/cocoon-macos/cmd/vm/datadisk.go:36.24,38.17 2 33
github.com/cocoonstack/cocoon-macos/cmd/vm/datadisk.go:38.17,40.4 1 11
github.com/cocoonstack/cocoon-macos/cmd/vm/datadisk.go:41.3,41.30 1 22
github.com/cocoonstack/cocoon-macos/cmd/vm/datadisk.go:44.2,44.26 1 11
github.com/cocoonstack/cocoon-macos/cmd/vm/datadisk.go:44.26,45.19 1 22
github.com/cocoonstack/cocoon-macos/cmd/vm/datadisk.go:45.19,46.12 1 17
github.com/cocoonstack/cocoon-macos/cmd/vm/datadisk.go:48.3,48.19 1 5
github.com/cocoonstack/cocoon-macos/cmd/vm/datadisk.go:48.19,50.4 1 2
github.com/cocoonstack/cocoon-macos/cmd/vm/datadisk.go:51.3,51.22 1 3
github.com/cocoonstack/cocoon-macos/cmd/vm/datadisk.go:53.2,54.23 2 9
github.com/cocoonstack/cocoon-macos/cmd/vm/datadisk.go:54.23,55.26 1 19
github.com/cocoonstack/cocoon-macos/cmd/vm/datadisk.go:55.26,56.12 1 2
github.com/cocoonstack/cocoon-macos/cmd/vm/datadisk.go:58.3,58.7 1 17
github.com/cocoonstack/cocoon-macos/cmd/vm/datadisk.go:58.7,61.24 3 22
github.com/cocoonstack/cocoon-macos/cmd/vm/datadisk.go:61.24,63.10 2 17
github.com/cocoonstack/cocoon-macos/cmd/vm/datadisk.go:67.2,67.63 1 9
github.com/cocoonstack/cocoon-macos/cmd/vm/datadisk.go:67.63,69.3 1 2
github.com/cocoonstack/cocoon-macos/cmd/vm/datadisk.go:70.2,70.19 1 7
github.com/cocoonstack/cocoon-macos/cmd/vm/datadisk.go:76.62,78.13 2 33
github.com/cocoonstack/cocoon-macos/cmd/vm/datadisk.go:78.13,80.3 1 1
github.com/cocoonstack/cocoon-macos/cmd/vm/datadisk.go:81.2,81.45 1 32
github.com/cocoonstack/cocoon-macos/cmd/vm/datadisk.go:81.45,83.10 2 41
github.com/cocoonstack/cocoon-macos/cmd/vm/datadisk.go:83.10,85.4 1 1
github.com/cocoonstack/cocoon-macos/cmd/vm/datadisk.go:86.3,87.14 2 40
github.com/cocoonstack/cocoon-macos/cmd/vm/datadisk.go:88.15,90.18 2 28
github.com/cocoonstack/cocoon-macos/cmd/vm/datadisk.go:90.18,92.5 1 1
github.com/cocoonstack/cocoon-macos/cmd/vm/datadisk.go:93.4,93.27 1 27
github.com/cocoonstack/cocoon-macos/cmd/vm/datadisk.go:93.27,95.5 1 1
github.com/cocoonstack/cocoon-macos/cmd/vm/datadisk.go:96.4,96.17 1 26
github.com/cocoonstack/cocoon-macos/cmd/vm/datadisk.go:97.15,98.37 1 8
github.com/cocoonstack/cocoon-macos/cmd/vm/datadisk.go:98.37,100.5 1 2
github.com/cocoonstack/cocoon-macos/cmd/vm/datadisk.go:101.4,101.19 1 6
github.com/cocoonstack/cocoon-macos/cmd/vm/datadisk.go:102.38,105.151 1 3
github.com/cocoonstack/cocoon-macos/cmd/vm/datadisk.go:106.11,107.61 1 1
github.com/cocoonstack/cocoon-macos/cmd/vm/datadisk.go:110.2,110.20 1 23
github.com/cocoonstack/cocoon-macos/cmd/vm/datadisk.go:110.20,112.3 1 1
github.com/cocoonstack/cocoon-macos/cmd/vm/datadisk.go:113.2,113.18 1 22
github.com/cocoonstack/cocoon-macos/cmd/vm/datadisk.go:117.101,119.26 2 0
github.com/cocoonstack/cocoon-macos/cmd/vm/datadisk.go:119.26,122.109 2 0
github.com/cocoonstack/cocoon-macos/cmd/vm/datadisk.go:122.109,124.4 1 0
github.com/cocoonstack/cocoon-macos/cmd/vm/datadisk.go:125.3,125.30 1 0
github.com/cocoonstack/cocoon-macos/cmd/vm/datadisk.go:127.2,127.19 1 0
github.com/cocoonstack/cocoon-macos/cmd/vm/datadisk.go:132.64,134.30 2 0
github.com/cocoonstack/cocoon-macos/cmd/vm/datadisk.go:134.30,136.69 2 0
github.com/cocoonstack/cocoon-macos/cmd/vm/datadisk.go:136.69,138.4 1 0
github.com/cocoonstack/cocoon-macos/cmd/vm/datadisk.go:139.3,139.29 1 0
github.com/cocoonstack/cocoon-macos/cmd/vm/datadisk.go:141.2,141.19 1 0
github.com/cocoonstack/cocoon-macos/cmd/vm/datadisk.go:145.44,147.2 1 3
github.com/cocoonstack/cocoon-macos/cmd/vm/datadisk.go:150.39,152.2 1 3
github.com/cocoonstack/cocoon-macos/cmd/vm/handler.go:28.28,28.49 1 0
github.com/cocoonstack/cocoon-macos/cmd/vm/lifecycle.go:22.67,24.16 2 0
github.com/cocoonstack/cocoon-macos/cmd/vm/lifecycle.go:24.16,26.3 1 0
github.com/cocoonstack/cocoon-macos/cmd/vm/lifecycle.go:27.2,28.12 2 0
github.com/cocoonstack/cocoon-macos/cmd/vm/lifecycle.go:32.64,34.16 2 0
github.com/cocoonstack/cocoon-macos/cmd/vm/lifecycle.go:34.16,36.3 1 0
github.com/cocoonstack/cocoon-macos/cmd/vm/lifecycle.go:37.2,37.66 1 0
github.com/cocoonstack/cocoon-macos/cmd/vm/lifecycle.go:37.66,44.3 3 0
github.com/cocoonstack/cocoon-macos/cmd/vm/lifecycle.go:45.2,46.12 2 0
github.com/cocoonstack/cocoon-macos/cmd/vm/lifecycle.go:52.66,56.25 4 0
github.com/cocoonstack/cocoon-macos/cmd/vm/lifecycle.go:56.25,58.47 2 0
github.com/cocoonstack/cocoon-macos/cmd/vm/lifecycle.go:58.47,60.18 2 0
github.com/cocoonstack/cocoon-macos/cmd/vm/lifecycle.go:60.18,62.5 1 0
github.com/cocoonstack/cocoon-macos/cmd/vm/lifecycle.go:63.4,64.48 2 0
github.com/cocoonstack/cocoon-macos/cmd/vm/lifecycle.go:64.48,66.5 1 0
github.com/cocoonstack/cocoon-macos/cmd/vm/lifecycle.go:67.4,69.14 3 0
github.com/cocoonstack/cocoon-macos/cmd/vm/lifecycle.go:70.18,72.4 1 0
github.com/cocoonstack/cocoon-macos/cmd/vm/lifecycle.go:74.2,74.12 1 0
github.com/cocoonstack/cocoon-macos/cmd/vm/lifecycle.go:78.65,81.25 3 0
github.com/cocoonstack/cocoon-macos/cmd/vm/lifecycle.go:81.25,83.47 2 0
github.com/cocoonstack/cocoon-macos/cmd/vm/lifecycle.go:83.47,85.18 2 0
github.com/cocoonstack/cocoon-macos/cmd/vm/lifecycle.go:85.18,87.5 1 0
github.com/cocoonstack/cocoon-macos/cmd/vm/lifecycle.go:88.4,92.26 5 0
github.com/cocoonstack/cocoon-macos/cmd/vm/lifecycle.go:93.18,95.4 1 0
github.com/cocoonstack/cocoon-macos/cmd/vm/lifecycle.go:96.3,96.17 1 0
github.com/cocoonstack/cocoon-macos/cmd/vm/lifecycle.go:98.2,98.12 1 0
github.com/cocoonstack/cocoon-macos/cmd/vm/lifecycle.go:104.63,107.25 3 0
github.com/cocoonstack/cocoon-macos/cmd/vm/lifecycle.go:107.25,109.49 2 0
github.com/cocoonstack/cocoon-macos/cmd/vm/lifecycle.go:109.49,111.12 2 0
github.com/cocoonstack/cocoon-macos/cmd/vm/lifecycle.go:115.3,115.47 1 0
github.com/cocoonstack/cocoon-macos/cmd/vm/lifecycle.go:115.47,116.42 1 0
github.com/cocoonstack/cocoon-macos/cmd/vm/lifecycle.go:116.42,120.5 3 0
github.com/cocoonstack/cocoon-macos/cmd/vm/lifecycle.go:121.4,121.44 1 0
github.com/cocoonstack/cocoon-macos/cmd/vm/lifecycle.go:121.44,123.5 1 0
github.com/cocoonstack/cocoon-macos/cmd/vm/lifecycle.go:124.4,124.14 1 0
github.com/cocoonstack/cocoon-macos/cmd/vm/lifecycle.go:125.18,127.4 1 0
github.com/cocoonstack/cocoon-macos/cmd/vm/lifecycle.go:128.3,128.17 1 0
github.com/cocoonstack/cocoon-macos/cmd/vm/lifecycle.go:130.2,130.12 1 0
github.com/cocoonstack/cocoon-macos/cmd/vm/lifecycle.go:134.77,136.16 2 0
github.com/cocoonstack/cocoon-macos/cmd/vm/lifecycle.go:136.16,138.3 1 0
github.com/cocoonstack/cocoon-macos/cmd/vm/lifecycle.go:139.2,141.16 3 0
github.com/cocoonstack/cocoon-macos/cmd/vm/lifecycle.go:141.16,143.3 1 0
github.com/cocoonstack/cocoon-macos/cmd/vm/lifecycle.go:144.2,147.78 4 0
github.com/cocoonstack/cocoon-macos/cmd/vm/lifecycle.go:147.78,149.3 1 0
github.com/cocoonstack/cocoon-macos/cmd/vm/lifecycle.go:150.2,151.16 2 0
github.com/cocoonstack/cocoon-macos/cmd/vm/lifecycle.go:151.16,153.3 1 0
github.com/cocoonstack/cocoon-macos/cmd/vm/lifecycle.go:154.2,155.16 2 0
github.com/cocoonstack/cocoon-macos/cmd/vm/lifecycle.go:155.16,157.3 1 0
github.com/cocoonstack/cocoon-macos/cmd/vm/lifecycle.go:158.2,169.73 8 0
github.com/cocoonstack/cocoon-macos/cmd/vm/lifecycle.go:169.73,171.3 1 0
github.com/cocoonstack/cocoon-macos/cmd/vm/lifecycle.go:173.2,174.70 2 0
github.com/cocoonstack/cocoon-macos/cmd/vm/lifecycle.go:174.70,176.3 1 0
github.com/cocoonstack/cocoon-macos/cmd/vm/lifecycle.go:177.2,177.40 1 0
github.com/cocoonstack/cocoon-macos/cmd/vm/lifecycle.go:177.40,179.3 1 0
github.com/cocoonstack/cocoon-macos/cmd/vm/lifecycle.go:180.2,180.27 1 0
github.com/cocoonstack/cocoon-macos/cmd/vm/lifecycle.go:184.75,187.83 3 0
github.com/cocoonstack/cocoon-macos/cmd/vm/lifecycle.go:187.83,189.3 1 0
github.com/cocoonstack/cocoon-macos/cmd/vm/lifecycle.go:190.2,190.17 1 0
github.com/cocoonstack/cocoon-macos/cmd/vm/lifecycle.go:190.17,193.102 1 0
github.com/cocoonstack/cocoon-macos/cmd/vm/lifecycle.go:193.102,195.4 1 0
github.com/cocoonstack/cocoon-macos/cmd/vm/lifecycle.go:197.2,207.37 2 0
github.com/cocoonstack/cocoon-macos/cmd/vm/lifecycle.go:207.37,209.3 1 0
github.com/cocoonstack/cocoon-macos/cmd/vm/lifecycle.go:210.2,213.19 4 0
github.com/cocoonstack/cocoon-macos/cmd/vm/lifecycle.go:213.19,215.3 1 0
github.com/cocoonstack/cocoon-macos/cmd/vm/lifecycle.go:216.2,219.32 4 0
github.com/cocoonstack/cocoon-macos/cmd/vm/lifecycle.go:219.32,222.3 2 0
github.com/cocoonstack/cocoon-macos/cmd/vm/lifecycle.go:223.2,223.56 1 0
github.com/cocoonstack/cocoon-macos/cmd/vm/lifecycle.go:223.56,225.3 1 0
github.com/cocoonstack/cocoon-macos/cmd/vm/lifecycle.go:226.2,226.21 1 0
github.com/cocoonstack/cocoon-macos/cmd/vm/lifecycle.go:226.21,227.70 1 0
github.com/cocoonstack/cocoon-macos/cmd/vm/lifecycle.go:227.70,232.4 2 0
github.com/cocoonstack/cocoon-macos/cmd/vm/lifecycle.go:234.2,234.24 1 0
github.com/cocoonstack/cocoon-macos/cmd/vm/lifecycle.go:234.24,235.60 1 0
github.com/cocoonstack/cocoon-macos/cmd/vm/lifecycle.go:235.60,239.4 2 0
github.com/cocoonstack/cocoon-macos/cmd/vm/lifecycle.go:241.2,241.24 1 0
github.com/cocoonstack/cocoon-macos/cmd/vm/lifecycle.go:247.99,248.19 1 0
github.com/cocoonstack/cocoon-macos/cmd/vm/lifecycle.go:248.19,251.3 2 0
github.com/cocoonstack/cocoon-macos/cmd/vm/lifecycle.go:252.2,253.16 2 0
github.com/cocoonstack/cocoon-macos/cmd/vm/lifecycle.go:253.16,255.3 1 0
github.com/cocoonstack/cocoon-macos/cmd/vm/lifecycle.go:256.2,257.60 2 0
github.com/cocoonstack/cocoon-macos/cmd/vm/lifecycle.go:257.60,259.3 1 0
github.com/cocoonstack/cocoon-macos/cmd/vm/lifecycle.go:260.2,261.63 2 0
github.com/cocoonstack/cocoon-macos/cmd/vm/lifecycle.go:261.63,263.3 1 0
github.com/cocoonstack/cocoon-macos/cmd/vm/lifecycle.go:264.2,266.12 3 0
github.com/cocoonstack/cocoon-macos/cmd/vm/net_other.go:16.84,18.2 1 0
github.com/cocoonstack/cocoon-macos/cmd/vm/net_other.go:20.48,20.49 0 0
github.com/cocoonstack/cocoon-macos/cmd/vm/net_other.go:22.47,22.48 0 0
github.com/cocoonstack/cocoon-macos/cmd/vm/net_other.go:24.49,24.50 0 0
github.com/cocoonstack/cocoon-macos/cmd/vm/net_other.go:28.52,30.2 1 0
github.com/cocoonstack/cocoon-macos/cmd/vm/net_other.go:33.57,33.58 0 0
github.com/cocoonstack/cocoon-macos/cmd/vm/query.go:20.62,24.25 4 0
github.com/cocoonstack/cocoon-macos/cmd/vm/query.go:24.25,25.69 1 0
github.com/cocoonstack/cocoon-macos/cmd/vm/query.go:25.69,27.4 1 0
github.com/cocoonstack/cocoon-macos/cmd/vm/query.go:29.2,29.70 1 0
github.com/cocoonstack/cocoon-macos/cmd/vm/query.go:29.70,31.26 2 0
github.com/cocoonstack/cocoon-macos/cmd/vm/query.go:31.26,35.4 1 0
github.com/cocoonstack/cocoon-macos/cmd/vm/query.go:40.68,42.16 2 0
github.com/cocoonstack/cocoon-macos/cmd/vm/query.go:42.16,44.3 1 0
github.com/cocoonstack/cocoon-macos/cmd/vm/query.go:45.2,45.30 1 0
github.com/cocoonstack/cocoon-macos/cmd/vm/query.go:50.68,52.16 2 0
github.com/cocoonstack/cocoon-macos/cmd/vm/query.go:52.16,54.3 1 0
github.com/cocoonstack/cocoon-macos/cmd/vm/query.go:55.2,56.16 2 0
github.com/cocoonstack/cocoon-macos/cmd/vm/query.go:56.16,58.3 1 0
github.com/cocoonstack/cocoon-macos/cmd/vm/query.go:59.2,60.19 2 0
github.com/cocoonstack/cocoon-macos/cmd/vm/query.go:60.19,62.3 1 0
github.com/cocoonstack/cocoon-macos/cmd/vm/query.go:63.2,64.12 2 0
github.com/cocoonstack/cocoon-macos/cmd/vm/query.go:67.32,68.18 1 0
github.com/cocoonstack/cocoon-macos/cmd/vm/query.go:68.18,70.3 1 0
github.com/cocoonstack/cocoon-macos/cmd/vm/query.go:71.2,71.18 1 0
github.com/cocoonstack/cocoon-macos/cmd/vm/query.go:74.31,75.19 1 0
github.com/cocoonstack/cocoon-macos/cmd/vm/query.go:75.19,77.3 1 0
github.com/cocoonstack/cocoon-macos/cmd/vm/query.go:78.2,78.46 1 0
github.com/cocoonstack/cocoon-macos/cmd/vm/query.go:81.31,82.20 1 0
github.com/cocoonstack/cocoon-macos/cmd/vm/query.go:82.20,84.3 1 0
github.com/cocoonstack/cocoon-macos/cmd/vm/query.go:85.2,85.32 1 0
github.com/cocoonstack/cocoon-macos/cmd/vm/query.go:89.34,90.55 1 0
github.com/cocoonstack/cocoon-macos/cmd/vm/query.go:90.55,92.3 1 0
github.com/cocoonstack/cocoon-macos/cmd/vm/query.go:93.2,93.10 1 0
github.com/cocoonstack/cocoon-macos/cmd/vm/snapshot.go:17.69,21.15 4 0
github.com/cocoonstack/cocoon-macos/cmd/vm/snapshot.go:21.15,23.3 1 0
github.com/cocoonstack/cocoon-macos/cmd/vm/snapshot.go:24.2,24.46 1 0
github.com/cocoonstack/cocoon-macos/cmd/vm/snapshot.go:24.46,26.17 2 0
github.com/cocoonstack/cocoon-macos/cmd/vm/snapshot.go:26.17,28.4 1 0
github.com/cocoonstack/cocoon-macos/cmd/vm/snapshot.go:29.3,29.19 1 0
github.com/cocoonstack/cocoon-macos/cmd/vm/snapshot.go:29.19,31.4 1 0
github.com/cocoonstack/cocoon-macos/cmd/vm/snapshot.go:32.3,32.43 1 0
github.com/cocoonstack/cocoon-macos/cmd/vm/snapshot.go:32.43,33.57 1 0
github.com/cocoonstack/cocoon-macos/cmd/vm/snapshot.go:33.57,35.5 1 0
github.com/cocoonstack/cocoon-macos/cmd/vm/snapshot.go:37.3,38.25 2 0
github.com/cocoonstack/cocoon-macos/cmd/vm/snapshot.go:39.17,41.3 1 0
github.com/cocoonstack/cocoon-macos/cmd/vm/snapshot.go:42.2,43.12 2 0
github.com/cocoonstack/cocoon-macos/cmd/vm/snapshot.go:48.68,52.46 4 0
github.com/cocoonstack/cocoon-macos/cmd/vm/snapshot.go:52.46,54.17 2 0
github.com/cocoonstack/cocoon-macos/cmd/vm/snapshot.go:54.17,56.4 1 0
github.com/cocoonstack/cocoon-macos/cmd/vm/snapshot.go:57.3,58.17 2 0
github.com/cocoonstack/cocoon-macos/cmd/vm/snapshot.go:58.17,59.56 1 0
github.com/cocoonstack/cocoon-macos/cmd/vm/snapshot.go:59.56,61.5 1 0
github.com/cocoonstack/cocoon-macos/cmd/vm/snapshot.go:62.4,63.13 2 0
github.com/cocoonstack/cocoon-macos/cmd/vm/snapshot.go:65.3,66.16 2 0
github.com/cocoonstack/cocoon-macos/cmd/vm/snapshot.go:66.16,67.29 1 0
github.com/cocoonstack/cocoon-macos/cmd/vm/snapshot.go:67.29,69.5 1 0
github.com/cocoonstack/cocoon-macos/cmd/vm/snapshot.go:70.4,70.41 1 0
github.com/cocoonstack/cocoon-macos/cmd/vm/snapshot.go:72.3,72.43 1 0
github.com/cocoonstack/cocoon-macos/cmd/vm/snapshot.go:72.43,73.56 1 0
github.com/cocoonstack/cocoon-macos/cmd/vm/snapshot.go:73.56,75.5 1 0
github.com/cocoonstack/cocoon-macos/cmd/vm/snapshot.go:77.3,77.17 1 0
github.com/cocoonstack/cocoon-macos/cmd/vm/snapshot.go:77.17,79.4 1 0
github.com/cocoonstack/cocoon-macos/cmd/vm/snapshot.go:80.3,80.25 1 0
github.com/cocoonstack/cocoon-macos/cmd/vm/snapshot.go:81.17,83.3 1 0
github.com/cocoonstack/cocoon-macos/cmd/vm/snapshot.go:84.2,85.12 2 0
github.com/cocoonstack/cocoon-macos/cmd/vm/snapshot.go:92.43,94.35 2 2
github.com/cocoonstack/cocoon-macos/cmd/vm/snapshot.go:94.35,96.3 1 1
github.com/cocoonstack/cocoon-macos/cmd/vm/snapshot.go:97.2,97.37 1 2
github.com/cocoonstack/cocoon-macos/cmd/vm/utils.go:25.43,27.78 2 0
github.com/cocoonstack/cocoon-macos/cmd/vm/utils.go:27.78,29.3 1 0
github.com/cocoonstack/cocoon-macos/cmd/vm/utils.go:30.2,30.16 1 0
github.com/cocoonstack/cocoon-macos/cmd/vm/utils.go:35.43,36.80 1 0
github.com/cocoonstack/cocoon-macos/cmd/vm/utils.go:36.80,38.3 1 0
github.com/cocoonstack/cocoon-macos/cmd/vm/utils.go:39.2,39.12 1 0
github.com/cocoonstack/cocoon-macos/cmd/vm/utils.go:44.73,46.36 2 0
github.com/cocoonstack/cocoon-macos/cmd/vm/utils.go:46.36,48.3 1 0
github.com/cocoonstack/cocoon-macos/cmd/vm/utils.go:49.2,49.15 1 0
github.com/cocoonstack/cocoon-macos/cmd/vm/utils.go:49.15,49.36 1 0
github.com/cocoonstack/cocoon-macos/cmd/vm/utils.go:50.2,50.13 1 0
github.com/cocoonstack/cocoon-macos/cmd/vm/utils.go:54.63,55.103 1 0
github.com/cocoonstack/cocoon-macos/cmd/vm/utils.go:55.103,57.3 1 0
github.com/cocoonstack/cocoon-macos/cmd/vm/utils.go:58.2,58.12 1 0
github.com/cocoonstack/cocoon-macos/cmd/vm/utils.go:64.127,66.74 2 0
github.com/cocoonstack/cocoon-macos/cmd/vm/utils.go:66.74,68.3 1 0
github.com/cocoonstack/cocoon-macos/cmd/vm/utils.go:69.2,69.45 1 0
github.com/cocoonstack/cocoon-macos/cmd/vm/utils.go:69.45,71.3 1 0
github.com/cocoonstack/cocoon-macos/cmd/vm/utils.go:72.2,73.16 2 0
github.com/cocoonstack/cocoon-macos/cmd/vm/utils.go:73.16,75.3 1 0
github.com/cocoonstack/cocoon-macos/cmd/vm/utils.go:76.2,77.79 2 0
github.com/cocoonstack/cocoon-macos/cmd/vm/utils.go:77.79,79.3 1 0
github.com/cocoonstack/cocoon-macos/cmd/vm/utils.go:80.2,81.72 2 0
github.com/cocoonstack/cocoon-macos/cmd/vm/utils.go:81.72,83.3 1 0
github.com/cocoonstack/cocoon-macos/cmd/vm/utils.go:84.2,84.44 1 0
github.com/cocoonstack/cocoon-macos/cmd/vm/utils.go:90.84,91.19 1 2
github.com/cocoonstack/cocoon-macos/cmd/vm/utils.go:92.19,93.28 1 1
github.com/cocoonstack/cocoon-macos/cmd/vm/utils.go:94.14,95.18 1 1
github.com/cocoonstack/cocoon-macos/cmd/vm/utils.go:95.18,97.4 1 1
github.com/cocoonstack/cocoon-macos/cmd/vm/utils.go:99.2,99.29 1 0
github.com/cocoonstack/cocoon-macos/cmd/vm/utils.go:104.52,107.16 3 0
github.com/cocoonstack/cocoon-macos/cmd/vm/utils.go:107.16,109.3 1 0
github.com/cocoonstack/cocoon-macos/cmd/vm/utils.go:110.2,110.17 1 0
github.com/cocoonstack/cocoon-macos/cmd/vm/utils.go:110.17,112.3 1 0
github.com/cocoonstack/cocoon-macos/cmd/vm/utils.go:113.2,113.18 1 0
github.com/cocoonstack/cocoon-macos/cmd/vm/utils.go:113.18,115.3 1 0
github.com/cocoonstack/cocoon-macos/cmd/vm/utils.go:116.2,116.12 1 0
github.com/cocoonstack/cocoon-macos/cmd/vm/utils.go:122.32,124.2 1 0
github.com/cocoonstack/cocoon-macos/cmd/vm/utils.go:128.69,129.15 1 0
github.com/cocoonstack/cocoon-macos/cmd/vm/utils.go:129.15,131.3 1 0
github.com/cocoonstack/cocoon-macos/cmd/vm/utils.go:136.55,137.53 1 2
github.com/cocoonstack/cocoon-macos/cmd/vm/utils.go:137.53,139.3 1 1
github.com/cocoonstack/cocoon-macos/cmd/vm/utils.go:140.2,140.24 1 1
github.com/cocoonstack/cocoon-macos/cmd/vm/utils.go:145.23,148.2 2 0
github.com/cocoonstack/cocoon-macos/cmd/vm/utils.go:153.82,154.42 1 0
github.com/cocoonstack/cocoon-macos/cmd/vm/utils.go:154.42,156.3 1 0
github.com/cocoonstack/cocoon-macos/cmd/vm/utils.go:157.2,159.16 3 0
github.com/cocoonstack/cocoon-macos/cmd/vm/utils.go:159.16,161.3 1 0
github.com/cocoonstack/cocoon-macos/cmd/vm/utils.go:162.2,164.16 3 0
github.com/cocoonstack/cocoon-macos/cmd/vm/utils.go:164.16,166.3 1 0
github.com/cocoonstack/cocoon-macos/cmd/vm/utils.go:167.2,167.37 1 0
github.com/cocoonstack/cocoon-macos/cmd/vm/utils.go:167.37,169.3 1 0
github.com/cocoonstack/cocoon-macos/cmd/vm/utils.go:170.2,170.43 1 0
github.com/cocoonstack/cocoon-macos/cmd/vm/utils.go:176.49,178.25 2 0
github.com/cocoonstack/cocoon-macos/cmd/vm/utils.go:178.25,180.3 1 0
github.com/cocoonstack/cocoon-macos/cmd/vm/utils.go:181.2,181.61 1 0
github.com/cocoonstack/cocoon-macos/cmd/vm/utils.go:181.61,183.3 1 0
github.com/cocoonstack/cocoon-macos/cmd/vm/utils.go:189.83,194.51 5 0
github.com/cocoonstack/cocoon-macos/cmd/vm/utils.go:194.51,195.26 1 0
github.com/cocoonstack/cocoon-macos/cmd/vm/utils.go:195.26,197.4 1 0
github.com/cocoonstack/cocoon-macos/cmd/vm/utils.go:199.2,199.34 1 0
github.com/cocoonstack/cocoon-macos/cmd/vm/utils.go:204.68,208.89 3 0
github.com/cocoonstack/cocoon-macos/cmd/vm/utils.go:208.89,211.3 2 0
github.com/cocoonstack/cocoon-macos/cmd/vm/utils.go:211.17,213.3 1 0
github.com/cocoonstack/cocoon-macos/cmd/vm/utils.go:214.2,214.15 1 0
github.com/cocoonstack/cocoon-macos/cmd/vm/utils.go:214.15,214.35 1 0
github.com/cocoonstack/cocoon-macos/cmd/vm/utils.go:218.2,219.45 2 0
github.com/cocoonstack/cocoon-macos/cmd/vm/utils.go:219.45,221.3 1 0
github.com/cocoonstack/cocoon-macos/cmd/vm/utils.go:222.2,222.74 1 0
github.com/cocoonstack/cocoon-macos/cmd/vm/utils.go:222.74,224.3 1 0
github.com/cocoonstack/cocoon-macos/cmd/vm/utils.go:227.2,229.40 3 0
github.com/cocoonstack/cocoon-macos/cmd/vm/utils.go:229.40,232.3 1 0
github.com/cocoonstack/cocoon-macos/cmd/vm/utils.go:233.2,233.12 1 0
github.com/cocoonstack/cocoon-macos/cmd/vm/utils.go:236.61,239.6 3 0
github.com/cocoonstack/cocoon-macos/cmd/vm/utils.go:239.6,242.44 3 0
github.com/cocoonstack/cocoon-macos/cmd/vm/utils.go:242.44,244.4 1 0
github.com/cocoonstack/cocoon-macos/cmd/vm/utils.go:245.3,245.17 1 0
github.com/cocoonstack/cocoon-macos/cmd/vm/utils.go:245.17,247.4 1 0
github.com/cocoonstack/cocoon-macos/cmd/vm/utils.go:252.58,253.50 1 0
github.com/cocoonstack/cocoon-macos/cmd/vm/utils.go:253.50,255.3 1 0
github.com/cocoonstack/cocoon-macos/cmd/vm/utils.go:256.2,256.12 1 0
github.com/cocoonstack/cocoon-macos/cmd/vm/vnc.go:36.75,37.44 1 4
github.com/cocoonstack/cocoon-macos/cmd/vm/vnc.go:37.44,39.3 1 1
github.com/cocoonstack/cocoon-macos/cmd/vm/vnc.go:40.2,40.12 1 3
github.com/cocoonstack/cocoon-macos/cmd/vm/vnc.go:45.39,48.53 1 0
github.com/cocoonstack/cocoon-macos/cmd/vm/vnc.go:48.53,48.84 1 0
github.com/cocoonstack/cocoon-macos/cmd/vm/vnc.go:54.69,57.89 3 0
github.com/cocoonstack/cocoon-macos/cmd/vm/vnc.go:57.89,60.3 2 0
github.com/cocoonstack/cocoon-macos/cmd/vm/vnc.go:60.17,62.3 1 0
github.com/cocoonstack/cocoon-macos/cmd/vm/vnc.go:65.2,66.16 2 0
github.com/cocoonstack/cocoon-macos/cmd/vm/vnc.go:66.16,68.3 1 0
github.com/cocoonstack/cocoon-macos/cmd/vm/vnc.go:69.2,69.15 1 0
github.com/cocoonstack/cocoon-macos/cmd/vm/vnc.go:69.15,69.32 1 0
github.com/cocoonstack/cocoon-macos/cmd/vm/vnc.go:70.2,71.16 2 0
github.com/cocoonstack/cocoon-macos/cmd/vm/vnc.go:71.16,73.3 1 0
github.com/cocoonstack/cocoon-macos/cmd/vm/vnc.go:74.2,74.15 1 0
github.com/cocoonstack/cocoon-macos/cmd/vm/vnc.go:74.15,74.33 1 0
github.com/cocoonstack/cocoon-macos/cmd/vm/vnc.go:75.2,76.16 2 0
github.com/cocoonstack/cocoon-macos/cmd/vm/vnc.go:76.16,78.3 1 0
github.com/cocoonstack/cocoon-macos/cmd/vm/vnc.go:79.2,82.34 4 0
github.com/cocoonstack/cocoon-macos/cmd/vm/vnc.go:82.34,84.3 1 0
github.com/cocoonstack/cocoon-macos/cmd/vm/vnc.go:85.2,85.91 1 0
github.com/cocoonstack/cocoon-macos/cmd/vm/vnc.go:85.91,88.3 2 0
github.com/cocoonstack/cocoon-macos/cmd/vm/vnc.go:89.2,89.12 1 0
github.com/cocoonstack/cocoon-macos/cmd/vm/vnc.go:95.52,97.56 2 0
github.com/cocoonstack/cocoon-macos/cmd/vm/vnc.go:97.56,99.3 1 0
github.com/cocoonstack/cocoon-macos/cmd/vm/vnc.go:100.2,100.24 1 0
github.com/cocoonstack/cocoon-macos/cmd/vm/vnc.go:103.37,105.16 2 0
github.com/cocoonstack/cocoon-macos/cmd/vm/vnc.go:105.16,107.3 1 0
github.com/cocoonstack/cocoon-macos/cmd/vm/vnc.go:108.2,108.15 1 0
github.com/cocoonstack/cocoon-macos/cmd/vm/vnc.go:108.15,108.32 1 0
github.com/cocoonstack/cocoon-macos/cmd/vm/vnc.go:109.2,109.6 1 0
github.com/cocoonstack/cocoon-macos/cmd/vm/vnc.go:109.6,111.17 2 0
github.com/cocoonstack/cocoon-macos/cmd/vm/vnc.go:111.17,113.4 1 0
github.com/cocoonstack/cocoon-macos/cmd/vm/vnc.go:114.3,114.27 1 0
github.com/cocoonstack/cocoon-macos/cmd/vm/vnc.go:119.44,120.15 1 0
github.com/cocoonstack/cocoon-macos/cmd/vm/vnc.go:120.15,120.37 1 0
github.com/cocoonstack/cocoon-macos/cmd/vm/vnc.go:121.2,122.16 2 0
github.com/cocoonstack/cocoon-macos/cmd/vm/vnc.go:122.16,124.3 1 0
github.com/cocoonstack/cocoon-macos/cmd/vm/vnc.go:125.2,125.15 1 0
github.com/cocoonstack/cocoon-macos/cmd/vm/vnc.go:125.15,125.38 1 0
github.com/cocoonstack/cocoon-macos/cmd/vm/vnc.go:126.2,127.32 2 0
github.com/cocoonstack/cocoon-macos/cmd/vm/vnc.go:127.32,127.80 2 0
github.com/cocoonstack/cocoon-macos/cmd/vm/vnc.go:128.2,130.8 3 0
github.com/cocoonstack/cocoon-macos/qemu/inject.go:24.73,27.16 3 0
github.com/cocoonstack/cocoon-macos/qemu/inject.go:27.16,29.3 1 0
github.com/cocoonstack/cocoon-macos/qemu/inject.go:30.2,30.126 1 0
github.com/cocoonstack/cocoon-macos/qemu/inject.go:30.126,32.3 1 0
github.com/cocoonstack/cocoon-macos/qemu/inject.go:34.2,37.16 4 0
github.com/cocoonstack/cocoon-macos/qemu/inject.go:37.16,39.3 1 0
github.com/cocoonstack/cocoon-macos/qemu/inject.go:40.2,40.15 1 0
github.com/cocoonstack/cocoon-macos/qemu/inject.go:40.15,40.40 1 0
github.com/cocoonstack/cocoon-macos/qemu/inject.go:41.2,42.58 2 0
github.com/cocoonstack/cocoon-macos/qemu/inject.go:42.58,43.82 1 0
github.com/cocoonstack/cocoon-macos/qemu/inject.go:43.82,44.9 1 0
github.com/cocoonstack/cocoon-macos/qemu/inject.go:47.2,47.21 1 0
github.com/cocoonstack/cocoon-macos/qemu/inject.go:47.21,49.3 1 0
github.com/cocoonstack/cocoon-macos/qemu/inject.go:50.2,50.15 1 0
github.com/cocoonstack/cocoon-macos/qemu/inject.go:50.15,50.56 1 0
github.com/cocoonstack/cocoon-macos/qemu/inject.go:51.2,51.72 1 0
github.com/cocoonstack/cocoon-macos/qemu/inject.go:56.51,57.83 1 0
github.com/cocoonstack/cocoon-macos/qemu/inject.go:57.83,58.48 1 0
github.com/cocoonstack/cocoon-macos/qemu/inject.go:58.48,60.4 1 0
github.com/cocoonstack/cocoon-macos/qemu/inject.go:61.3,62.20 2 0
github.com/cocoonstack/cocoon-macos/qemu/inject.go:70.61,72.90 2 0
github.com/cocoonstack/cocoon-macos/qemu/inject.go:72.90,74.3 1 0
github.com/cocoonstack/cocoon-macos/qemu/inject.go:74.17,77.3 1 0
github.com/cocoonstack/cocoon-macos/qemu/inject.go:83.37,86.2 2 0
github.com/cocoonstack/cocoon-macos/qemu/inject.go:88.36,89.20 1 0
github.com/cocoonstack/cocoon-macos/qemu/inject.go:89.20,90.66 1 0
github.com/cocoonstack/cocoon-macos/qemu/inject.go:90.66,91.12 1 0
github.com/cocoonstack/cocoon-macos/qemu/inject.go:93.3,93.84 1 0
github.com/cocoonstack/cocoon-macos/qemu/inject.go:93.84,95.4 1 0
github.com/cocoonstack/cocoon-macos/qemu/inject.go:97.2,97.77 1 0
github.com/cocoonstack/cocoon-macos/qemu/inject.go:100.48,102.16 2 1
github.com/cocoonstack/cocoon-macos/qemu/inject.go:102.16,104.3 1 0
github.com/cocoonstack/cocoon-macos/qemu/inject.go:105.2,106.54 2 1
github.com/cocoonstack/cocoon-macos/qemu/inject.go:106.54,108.3 1 0
github.com/cocoonstack/cocoon-macos/qemu/inject.go:109.2,109.15 1 1
github.com/cocoonstack/cocoon-macos/qemu/inject.go:109.15,111.18 2 1
github.com/cocoonstack/cocoon-macos/qemu/inject.go:111.18,113.4 1 0
github.com/cocoonstack/cocoon-macos/qemu/inject.go:114.3,124.26 11 1
github.com/cocoonstack/cocoon-macos/qemu/inject.go:129.2,135.16 7 1
github.com/cocoonstack/cocoon-macos/qemu/inject.go:135.16,137.3 1 0
github.com/cocoonstack/cocoon-macos/qemu/inject.go:138.2,138.39 1 1
github.com/cocoonstack/cocoon-macos/qemu/inject.go:141.64,142.44 1 6
github.com/cocoonstack/cocoon-macos/qemu/inject.go:142.44,144.3 1 3
github.com/cocoonstack/cocoon-macos/qemu/inject.go:145.2,147.12 3 3
github.com/cocoonstack/cocoon-macos/qemu/launch.go:63.31,66.30 3 16
github.com/cocoonstack/cocoon-macos/qemu/launch.go:66.30,68.3 1 1
github.com/cocoonstack/cocoon-macos/qemu/launch.go:71.2,73.17 3 16
github.com/cocoonstack/cocoon-macos/qemu/launch.go:73.17,76.3 2 2
github.com/cocoonstack/cocoon-macos/qemu/launch.go:77.2,100.35 4 16
github.com/cocoonstack/cocoon-macos/qemu/launch.go:100.35,101.30 1 8
github.com/cocoonstack/cocoon-macos/qemu/launch.go:101.30,102.9 1 0
github.com/cocoonstack/cocoon-macos/qemu/launch.go:104.3,107.80 2 8
github.com/cocoonstack/cocoon-macos/qemu/launch.go:109.2,109.9 1 16
github.com/cocoonstack/cocoon-macos/qemu/launch.go:110.19,113.83 1 1
github.com/cocoonstack/cocoon-macos/qemu/launch.go:114.21,115.87 1 1
github.com/cocoonstack/cocoon-macos/qemu/launch.go:116.10,117.43 1 14
github.com/cocoonstack/cocoon-macos/qemu/launch.go:119.2,120.17 2 16
github.com/cocoonstack/cocoon-macos/qemu/launch.go:120.17,122.3 1 2
github.com/cocoonstack/cocoon-macos/qemu/launch.go:123.2,127.20 3 16
github.com/cocoonstack/cocoon-macos/qemu/launch.go:127.20,131.22 2 5
github.com/cocoonstack/cocoon-macos/qemu/launch.go:131.22,133.4 1 0
github.com/cocoonstack/cocoon-macos/qemu/launch.go:133.9,135.4 1 5
github.com/cocoonstack/cocoon-macos/qemu/launch.go:136.3,136.22 1 5
github.com/cocoonstack/cocoon-macos/qemu/launch.go:136.22,138.4 1 1
github.com/cocoonstack/cocoon-macos/qemu/launch.go:141.3,141.44 1 5
github.com/cocoonstack/cocoon-macos/qemu/launch.go:143.2,143.21 1 16
github.com/cocoonstack/cocoon-macos/qemu/launch.go:143.21,145.3 1 0
github.com/cocoonstack/cocoon-macos/qemu/launch.go:146.2,146.21 1 16
github.com/cocoonstack/cocoon-macos/qemu/launch.go:146.21,148.3 1 0
github.com/cocoonstack/cocoon-macos/qemu/launch.go:149.2,149.10 1 16
github.com/cocoonstack/cocoon-macos/qemu/launch.go:155.37,157.2 1 16
github.com/cocoonstack/cocoon-macos/qemu/smbios.go:26.37,28.16 2 51
github.com/cocoonstack/cocoon-macos/qemu/smbios.go:28.16,30.3 1 0
github.com/cocoonstack/cocoon-macos/qemu/smbios.go:31.2,32.16 2 51
github.com/cocoonstack/cocoon-macos/qemu/smbios.go:32.16,34.3 1 0
github.com/cocoonstack/cocoon-macos/qemu/smbios.go:35.2,36.16 2 51
github.com/cocoonstack/cocoon-macos/qemu/smbios.go:36.16,38.3 1 0
github.com/cocoonstack/cocoon-macos/qemu/smbios.go:39.2,40.16 2 51
github.com/cocoonstack/cocoon-macos/qemu/smbios.go:40.16,42.3 1 0
github.com/cocoonstack/cocoon-macos/qemu/smbios.go:43.2,43.88 1 51
github.com/cocoonstack/cocoon-macos/qemu/smbios.go:47.30,49.31 2 1
github.com/cocoonstack/cocoon-macos/qemu/smbios.go:49.31,51.3 1 0
github.com/cocoonstack/cocoon-macos/qemu/smbios.go:52.2,52.89 1 1
github.com/cocoonstack/cocoon-macos/qemu/smbios.go:55.40,57.16 2 102
github.com/cocoonstack/cocoon-macos/qemu/smbios.go:57.16,59.3 1 0
github.com/cocoonstack/cocoon-macos/qemu/smbios.go:60.2,60.22 1 102
github.com/cocoonstack/cocoon-macos/qemu/smbios.go:60.22,62.3 1 1479
github.com/cocoonstack/cocoon-macos/qemu/smbios.go:63.2,63.23 1 102
github.com/cocoonstack/cocoon-macos/qemu/smbios.go:66.33,68.16 2 51
github.com/cocoonstack/cocoon-macos/qemu/smbios.go:68.16,70.3 1 0
github.com/cocoonstack/cocoon-macos/qemu/smbios.go:71.2,73.86 3 51
github.com/cocoonstack/cocoon-macos/qemu/smbios.go:76.32,78.16 2 51
github.com/cocoonstack/cocoon-macos/qemu/smbios.go:78.16,80.3 1 0
github.com/cocoonstack/cocoon-macos/qemu/smbios.go:81.2,82.35 2 51
github.com/cocoonstack/cocoon-macos/qemu/smbios.go:85.39,87.40 2 204
github.com/cocoonstack/cocoon-macos/qemu/smbios.go:87.40,89.3 1 0
github.com/cocoonstack/cocoon-macos/qemu/smbios.go:90.2,90.15 1 204
github.com/cocoonstack/cocoon-macos/qemu/snapshot.go:14.61,16.2 1 0
github.com/cocoonstack/cocoon-macos/qemu/snapshot.go:19.60,21.2 1 0
